// Jest Snapshot v1, https://goo.gl/fbAQLP

exports[`should render ExpenceListItem with discriptions 1`] = `
<div>
  <h3>
     
    Gum
     
  </h3>
  <p>
     
    195
     - 
    100
     
  </p>
  <button
    onClick={[Function]}
  >
    Remove
  </button>
</div>
`;
