// Jest Snapshot v1, https://goo.gl/fbAQLP

exports[`should render ExpenceList with empty message 1`] = `
<div>
  <h1>
    Expence List
  </h1>
  <p>
    No expences
  </p>
</div>
`;

exports[`should render ExpenceList with expences 1`] = `
<div>
  <h1>
    Expence List
  </h1>
  <Connect(ExpenceDiscription)
    amount={195}
    createdAt={100}
    discription="Gum"
    id={1}
    key="1"
    note=""
  />
  <Connect(ExpenceDiscription)
    amount={109500}
    createdAt={-1000}
    discription="Rent"
    id={2}
    key="2"
    note=""
  />
  <Connect(ExpenceDiscription)
    amount={4000}
    createdAt={1000}
    discription="Credit card"
    id={3}
    key="3"
    note=""
  />
</div>
`;
