// Jest Snapshot v1, https://goo.gl/fbAQLP

exports[`should render Header corectly 1`] = `
<header>
  <h1
    className="title"
  >
    ExpensifyÂ°
  </h1>
  <div
    className="navWrapper"
  >
    <div
      className="nav"
    >
      <NavLink
        activeClassName="is-active"
        ariaCurrent="true"
        className="navLink"
        exact={true}
        to="/"
      >
          Dashboard  
      </NavLink>
      <NavLink
        activeClassName="is-active"
        ariaCurrent="true"
        className="navLink"
        to="/create"
      >
          Create  
      </NavLink>
      <NavLink
        activeClassName="is-active"
        ariaCurrent="true"
        className="navLink"
        to="/edit"
      >
          Edit  
      </NavLink>
      <NavLink
        activeClassName="is-active"
        ariaCurrent="true"
        className="navLink"
        to="/help"
      >
          Help  
      </NavLink>
    </div>
  </div>
</header>
`;
