// Jest Snapshot v1, https://goo.gl/fbAQLP

exports[`should render NoMatchPage correctly 1`] = `
<div>
  <h1>
    404!!!
  </h1>
  <h3>
    Page not found!
  </h3>
  <Link
    replace={false}
    to="/"
  >
    Go Home
  </Link>
</div>
`;
